main.c:140:5:main	80	static
main.c:259:6:SystemClock_Config	232	static
main.c:323:13:MX_ADC1_Init	24	static
main.c:389:13:MX_ADC2_Init	24	static
main.c:439:13:MX_ADC3_Init	24	static
main.c:489:13:MX_RTC_Init	8	static
main.c:520:13:MX_TIM2_Init	40	static
main.c:565:13:MX_TIM6_Init	24	static
main.c:603:13:MX_TIM8_Init	112	static
main.c:683:13:MX_TIM9_Init	24	static
main.c:721:13:MX_TIM10_Init	8	static
main.c:752:13:MX_TIM11_Init	8	static
main.c:783:13:MX_USART2_UART_Init	8	static
main.c:818:13:MX_USART3_UART_Init	8	static
main.c:851:13:MX_DMA_Init	16	static
main.c:876:13:MX_GPIO_Init	56	static
main.c:932:6:vTaskTCPinit	72	static
main.c:975:6:StartDefaultTask	24	static
main.c:1006:6:HAL_TIM_PeriodElapsedCallback	40	static,ignoring_inline_asm
main.c:1057:6:Error_Handler	4	static
