stm32f7xx_it.c:88:6:NMI_Handler	4	static
stm32f7xx_it.c:101:6:HardFault_Handler	4	static
stm32f7xx_it.c:116:6:MemManage_Handler	4	static
stm32f7xx_it.c:131:6:BusFault_Handler	4	static
stm32f7xx_it.c:146:6:UsageFault_Handler	4	static
stm32f7xx_it.c:161:6:DebugMon_Handler	4	static
stm32f7xx_it.c:181:6:DMA1_Stream5_IRQHandler	8	static
stm32f7xx_it.c:195:6:ADC_IRQHandler	8	static
stm32f7xx_it.c:211:6:TIM1_BRK_TIM9_IRQHandler	8	static
stm32f7xx_it.c:225:6:TIM1_UP_TIM10_IRQHandler	8	static
stm32f7xx_it.c:240:6:TIM1_TRG_COM_TIM11_IRQHandler	8	static
stm32f7xx_it.c:254:6:TIM2_IRQHandler	8	static
stm32f7xx_it.c:268:6:USART2_IRQHandler	8	static
stm32f7xx_it.c:282:6:USART3_IRQHandler	8	static
stm32f7xx_it.c:296:6:TIM6_DAC_IRQHandler	8	static
stm32f7xx_it.c:310:6:DMA2_Stream0_IRQHandler	8	static
stm32f7xx_it.c:324:6:DMA2_Stream2_IRQHandler	8	static
stm32f7xx_it.c:338:6:ETH_IRQHandler	8	static
stm32f7xx_it.c:352:6:OTG_FS_IRQHandler	8	static
